2026-08-03 02:16:54,167 | INFO | utils.model_loader | module1 loaded successfully | model=efficientnet | mode=strict=True
2026-08-03 02:16:55,150 | INFO | inference.image_detector | Module 1 | prediction=FAKE | confidence=100.00 | time=610.61 ms
2026-08-03 02:16:55,463 | INFO | utils.model_loader | module3 loaded successfully | model=efficientnet | mode=strict=True
2026-08-03 02:16:55,536 | INFO | inference.tampering_detector | Module 3 | prediction=Tampered | confidence=90.36 | time=15.23 ms
2026-08-03 02:22:22,068 | INFO | utils.model_loader | module1 loaded successfully | model=efficientnet | mode=strict=True
2026-08-03 02:22:22,518 | INFO | inference.image_detector | Module 1 | prediction=FAKE | confidence=100.00 | time=261.33 ms
2026-08-03 02:22:30,104 | INFO | inference.receipt_detector | Module 2 | status=Suspicious | score=83.23 | time=5509.29 ms
2026-08-03 02:22:30,393 | INFO | utils.model_loader | module3 loaded successfully | model=efficientnet | mode=strict=True
2026-08-03 02:22:30,558 | INFO | inference.tampering_detector | Module 3 | prediction=Tampered | confidence=90.36 | time=13.99 ms
2026-08-03 02:51:30,479 | INFO | utils.model_loader | module1 loaded successfully | model=efficientnet | mode=strict=True
2026-08-03 02:51:30,902 | ERROR | inference.image_detector | Module 1 prediction failed
Traceback (most recent call last):
  File "E:\Intership_project\Unified_AI_Framework\inference\image_detector.py", line 76, in predict
    save_json(report, output_path)
  File "E:\Intership_project\Unified_AI_Framework\utils\file_utils.py", line 51, in save_json
    with path.open("w", encoding="utf-8") as file:
         ^^^^^^^^^^^^^^^^^^^^^^^^^^^^^^^^
  File "C:\Users\Shristi chandra\.conda\envs\agentic_asr\Lib\pathlib.py", line 1044, in open
    return io.open(self, mode, buffering, encoding, errors, newline)
           ^^^^^^^^^^^^^^^^^^^^^^^^^^^^^^^^^^^^^^^^^^^^^^^^^^^^^^^^^
OSError: [Errno 22] Invalid argument: 'E:\\Intership_project\\Unified_AI_Framework\\outputs\\reports\\module1_prediction_2026-08-03 02:51:30.json'
2026-08-03 02:51:38,066 | INFO | inference.receipt_detector | Module 2 | status=Suspicious | confidence=83.23 | risk=Medium | time=5381.63 ms | report=E:\Intership_project\Unified_AI_Framework\outputs\reports\module2_20260803_025138_34300062.json
2026-08-03 02:51:38,357 | INFO | utils.model_loader | module3 loaded successfully | model=efficientnet | mode=strict=True
2026-08-03 02:51:38,505 | INFO | inference.tampering_detector | Module=Module 3 - Image Tampering Detection | Prediction=Tampered | Confidence=90.36 | Risk=High | Time=146.43 ms | Report=E:\Intership_project\Unified_AI_Framework\outputs\reports\module3_20260803_025138_7c37255e.json
2026-08-03 02:51:47,464 | INFO | utils.model_loader | module1 loaded successfully | model=efficientnet | mode=strict=True
2026-08-03 02:51:47,911 | ERROR | inference.image_detector | Module 1 prediction failed
Traceback (most recent call last):
  File "E:\Intership_project\Unified_AI_Framework\inference\image_detector.py", line 76, in predict
    save_json(report, output_path)
  File "E:\Intership_project\Unified_AI_Framework\utils\file_utils.py", line 51, in save_json
    with path.open("w", encoding="utf-8") as file:
         ^^^^^^^^^^^^^^^^^^^^^^^^^^^^^^^^
  File "C:\Users\Shristi chandra\.conda\envs\agentic_asr\Lib\pathlib.py", line 1044, in open
    return io.open(self, mode, buffering, encoding, errors, newline)
           ^^^^^^^^^^^^^^^^^^^^^^^^^^^^^^^^^^^^^^^^^^^^^^^^^^^^^^^^^
OSError: [Errno 22] Invalid argument: 'E:\\Intership_project\\Unified_AI_Framework\\outputs\\reports\\module1_prediction_2026-08-03 02:51:47.json'
2026-08-03 02:51:55,531 | INFO | inference.receipt_detector | Module 2 | status=Suspicious | confidence=83.23 | risk=Medium | time=5748.22 ms | report=E:\Intership_project\Unified_AI_Framework\outputs\reports\module2_20260803_025155_d07a846c.json
2026-08-03 02:51:55,861 | INFO | utils.model_loader | module3 loaded successfully | model=efficientnet | mode=strict=True
2026-08-03 02:51:56,016 | INFO | inference.tampering_detector | Module=Module 3 - Image Tampering Detection | Prediction=Tampered | Confidence=90.36 | Risk=High | Time=149.69 ms | Report=E:\Intership_project\Unified_AI_Framework\outputs\reports\module3_20260803_025156_c26da8c9.json
2026-08-03 02:58:25,954 | INFO | utils.model_loader | module1 loaded successfully | model=efficientnet | mode=strict=True
2026-08-03 02:58:26,379 | INFO | inference.image_detector | Module=Module 1 - AI Generated Image Detection | Prediction=FAKE | Confidence=100.0 | Risk=High | Time=421.78 ms | Report=E:\Intership_project\Unified_AI_Framework\outputs\reports\module1_20260803_025826_90bb031c.json
2026-08-03 02:58:34,729 | INFO | inference.receipt_detector | Module 2 | status=Suspicious | confidence=83.23 | risk=Medium | time=5992.64 ms | report=E:\Intership_project\Unified_AI_Framework\outputs\reports\module2_20260803_025834_c2d1a993.json
2026-08-03 02:58:35,075 | INFO | utils.model_loader | module3 loaded successfully | model=efficientnet | mode=strict=True
2026-08-03 02:58:35,229 | INFO | inference.tampering_detector | Module=Module 3 - Image Tampering Detection | Prediction=Tampered | Confidence=90.36 | Risk=High | Time=151.06 ms | Report=E:\Intership_project\Unified_AI_Framework\outputs\reports\module3_20260803_025835_70a84989.json
2026-08-03 03:09:49,766 | INFO | utils.model_loader | module1 loaded successfully | model=efficientnet | mode=strict=True
2026-08-03 03:09:50,166 | INFO | inference.image_detector | Module=Module 1 - AI Generated Image Detection | Prediction=FAKE | Confidence=100.0 | Risk=High | Time=402.74 ms | Model=efficientnet | Dataset=CIFAKE | Report=module1_20260803_030950_e5107425 | Visualization=E:\Intership_project\Unified_AI_Framework\outputs\visualizations\module1_gradcam_test_module1_2026-08-03 03:09:50.png
2026-08-03 03:09:57,606 | INFO | inference.receipt_detector | Module=Module 2 - Receipt Verification | Prediction=Suspicious | Confidence=83.23 | Risk=Medium | Time=5631.81 ms | Model=EasyOCR + Rule-Based Metadata Validator | Dataset=SROIE + CORD | Report=module2_20260803_030957_89bb6667 | Visualization=None
2026-08-03 03:09:57,941 | INFO | utils.model_loader | module3 loaded successfully | model=efficientnet | mode=strict=True
2026-08-03 03:09:58,090 | INFO | inference.tampering_detector | Module=Module 3 - Image Tampering Detection | Prediction=Tampered | Confidence=90.36 | Risk=High | Time=143.65 ms | Model=efficientnet | Dataset=CASIA v2 + IMD2020 | Report=module3_20260803_030958_c9b4d725 | Visualization=E:\Intership_project\Unified_AI_Framework\outputs\visualizations\module3_gradcam_test_module3_2026-08-03 03:09:58.png
2026-08-03 03:10:50,376 | INFO | utils.model_loader | module1 loaded successfully | model=efficientnet | mode=strict=True
2026-08-03 03:10:50,803 | INFO | inference.image_detector | Module=Module 1 - AI Generated Image Detection | Prediction=FAKE | Confidence=100.0 | Risk=High | Time=423.96 ms | Model=efficientnet | Dataset=CIFAKE | Report=module1_20260803_031050_43948adf | Visualization=E:\Intership_project\Unified_AI_Framework\outputs\visualizations\module1_gradcam_test_module1_2026-08-03 03:10:50.png
2026-08-03 03:10:57,876 | INFO | inference.receipt_detector | Module=Module 2 - Receipt Verification | Prediction=Suspicious | Confidence=83.23 | Risk=Medium | Time=5292.91 ms | Model=EasyOCR + Rule-Based Metadata Validator | Dataset=SROIE + CORD | Report=module2_20260803_031057_28080462 | Visualization=None
2026-08-03 03:10:58,251 | INFO | utils.model_loader | module3 loaded successfully | model=efficientnet | mode=strict=True
2026-08-03 03:10:58,396 | INFO | inference.tampering_detector | Module=Module 3 - Image Tampering Detection | Prediction=Tampered | Confidence=90.36 | Risk=High | Time=146.01 ms | Model=efficientnet | Dataset=CASIA v2 + IMD2020 | Report=module3_20260803_031058_e434f855 | Visualization=E:\Intership_project\Unified_AI_Framework\outputs\visualizations\module3_gradcam_test_module3_2026-08-03 03:10:58.png
2026-08-03 03:27:26,904 | INFO | utils.model_loader | module1 loaded successfully | model=efficientnet | mode=strict=True
2026-08-03 03:27:27,359 | INFO | inference.image_detector | Module=Module 1 - AI Generated Image Detection | Prediction=FAKE | Confidence=100.0 | Risk=High | Time=439.16 ms | Model=efficientnet | Dataset=CIFAKE | Report=module1_20260803_032727_da807a53 | Visualization=E:\Intership_project\Unified_AI_Framework\outputs\visualizations\module1_gradcam_test_module1_2026-08-03 03:27:27.png
2026-08-03 03:27:34,227 | INFO | inference.receipt_detector | Module=Module 2 - Receipt Verification | Prediction=Suspicious | Confidence=83.23 | Risk=Medium | Time=5089.96 ms | Model=EasyOCR + Rule-Based Metadata Validator | Dataset=SROIE + CORD | Report=module2_20260803_032734_4ee72030 | Visualization=None
2026-08-03 03:27:34,564 | INFO | utils.model_loader | module3 loaded successfully | model=efficientnet | mode=strict=True
2026-08-03 03:27:34,719 | INFO | inference.tampering_detector | Module=Module 3 - Image Tampering Detection | Prediction=Tampered | Confidence=90.36 | Risk=High | Time=147.41 ms | Model=efficientnet | Dataset=CASIA v2 + IMD2020 | Report=module3_20260803_032734_7b12ca3c | Visualization=E:\Intership_project\Unified_AI_Framework\outputs\visualizations\module3_gradcam_test_module3_2026-08-03 03:27:34.png
2026-08-03 15:44:11,014 | INFO | utils.model_loader | module3 loaded successfully | model=efficientnet | mode=strict=True
2026-08-03 15:44:12,070 | INFO | utils.model_loader | module3 loaded successfully | model=efficientnet | mode=strict=True
2026-08-03 15:44:13,549 | INFO | inference.tampering_detector | Module=Module 3 - Image Tampering Detection | Prediction=Tampered | Confidence=87.54 | Risk=High | Time=2528.66 ms | Model=efficientnet | Dataset=CASIA v2 + IMD2020 | Report=module3_20260803_154413_1537744c | Visualization=E:\Intership_project\Unified_AI_Framework\outputs\visualizations\module3_gradcam_c8ufqah_0_2026-08-03 15:44:13.png
2026-08-03 15:44:13,549 | INFO | inference.tampering_detector | Module=Module 3 - Image Tampering Detection | Prediction=Tampered | Confidence=87.54 | Risk=High | Time=1468.47 ms | Model=efficientnet | Dataset=CASIA v2 + IMD2020 | Report=module3_20260803_154413_9609702d | Visualization=E:\Intership_project\Unified_AI_Framework\outputs\visualizations\module3_gradcam_c8ufqah_0_2026-08-03 15:44:13.png
2026-08-03 15:45:11,841 | INFO | utils.model_loader | module3 loaded successfully | model=efficientnet | mode=strict=True
2026-08-03 15:45:12,140 | INFO | inference.tampering_detector | Module=Module 3 - Image Tampering Detection | Prediction=Authentic | Confidence=78.01 | Risk=Low | Time=285.49 ms | Model=efficientnet | Dataset=CASIA v2 + IMD2020 | Report=module3_20260803_154512_980f423b | Visualization=E:\Intership_project\Unified_AI_Framework\outputs\visualizations\module3_gradcam_c8ufr4g_0_2026-08-03 15:45:12.png
2026-08-03 15:46:48,785 | INFO | utils.model_loader | module3 loaded successfully | model=efficientnet | mode=strict=True
2026-08-03 15:46:49,124 | INFO | inference.tampering_detector | Module=Module 3 - Image Tampering Detection | Prediction=Authentic | Confidence=64.29 | Risk=Low | Time=313.93 ms | Model=efficientnet | Dataset=CASIA v2 + IMD2020 | Report=module3_20260803_154649_da2c2211 | Visualization=E:\Intership_project\Unified_AI_Framework\outputs\visualizations\module3_gradcam_c8uefj0_0_2026-08-03 15:46:49.png
2026-08-03 15:47:04,740 | INFO | utils.model_loader | module3 loaded successfully | model=efficientnet | mode=strict=True
2026-08-03 15:47:05,004 | INFO | inference.tampering_detector | Module=Module 3 - Image Tampering Detection | Prediction=Authentic | Confidence=64.29 | Risk=Low | Time=258.67 ms | Model=efficientnet | Dataset=CASIA v2 + IMD2020 | Report=module3_20260803_154705_5749f5c1 | Visualization=E:\Intership_project\Unified_AI_Framework\outputs\visualizations\module3_gradcam_c8uefj0_0_2026-08-03 15:47:05.png
2026-08-03 15:47:06,218 | INFO | utils.model_loader | module3 loaded successfully | model=efficientnet | mode=strict=True
2026-08-03 15:47:06,454 | INFO | inference.tampering_detector | Module=Module 3 - Image Tampering Detection | Prediction=Authentic | Confidence=64.29 | Risk=Low | Time=228.49 ms | Model=efficientnet | Dataset=CASIA v2 + IMD2020 | Report=module3_20260803_154706_e7374ed3 | Visualization=E:\Intership_project\Unified_AI_Framework\outputs\visualizations\module3_gradcam_c8uefj0_0_2026-08-03 15:47:06.png
2026-08-03 15:48:29,994 | INFO | utils.model_loader | module1 loaded successfully | model=efficientnet | mode=strict=True
2026-08-03 15:48:30,232 | INFO | inference.image_detector | Module=Module 1 - AI Generated Image Detection | Prediction=REAL | Confidence=100.0 | Risk=Low | Time=231.97 ms | Model=efficientnet | Dataset=CIFAKE | Report=module1_20260803_154830_cbefdfe0 | Visualization=E:\Intership_project\Unified_AI_Framework\outputs\visualizations\module1_gradcam_0000_(2)_2026-08-03 15:48:30.png
2026-08-03 15:48:34,497 | INFO | utils.model_loader | module1 loaded successfully | model=efficientnet | mode=strict=True
2026-08-03 15:48:35,122 | INFO | inference.image_detector | Module=Module 1 - AI Generated Image Detection | Prediction=REAL | Confidence=100.0 | Risk=Low | Time=615.14 ms | Model=efficientnet | Dataset=CIFAKE | Report=module1_20260803_154835_95afbb49 | Visualization=E:\Intership_project\Unified_AI_Framework\outputs\visualizations\module1_gradcam_0000_(2)_2026-08-03 15:48:35.png
2026-08-03 15:48:36,102 | INFO | utils.model_loader | module1 loaded successfully | model=efficientnet | mode=strict=True
2026-08-03 15:48:36,315 | INFO | utils.model_loader | module1 loaded successfully | model=efficientnet | mode=strict=True
2026-08-03 15:48:36,465 | INFO | inference.image_detector | Module=Module 1 - AI Generated Image Detection | Prediction=REAL | Confidence=100.0 | Risk=Low | Time=353.2 ms | Model=efficientnet | Dataset=CIFAKE | Report=module1_20260803_154836_622344b7 | Visualization=E:\Intership_project\Unified_AI_Framework\outputs\visualizations\module1_gradcam_0000_(2)_2026-08-03 15:48:36.png
2026-08-03 15:48:36,977 | INFO | inference.image_detector | Module=Module 1 - AI Generated Image Detection | Prediction=REAL | Confidence=100.0 | Risk=Low | Time=642.29 ms | Model=efficientnet | Dataset=CIFAKE | Report=module1_20260803_154836_ae86f611 | Visualization=E:\Intership_project\Unified_AI_Framework\outputs\visualizations\module1_gradcam_0000_(2)_2026-08-03 15:48:36.png
2026-08-03 15:55:29,352 | INFO | utils.model_loader | module1 loaded successfully | model=efficientnet | mode=strict=True
2026-08-03 15:55:29,672 | INFO | inference.image_detector | Module=Module 1 - AI Generated Image Detection | Prediction=FAKE | Confidence=99.93 | Risk=High | Time=306.08 ms | Model=efficientnet | Dataset=CIFAKE | Report=module1_20260803_155529_1820590e | Visualization=E:\Intership_project\Unified_AI_Framework\outputs\visualizations\module1_gradcam_00d84d49-f333-453e-b825-24990263b813_2026-08-03 15:55:29.png
2026-08-03 16:24:52,310 | INFO | utils.model_loader | module1 loaded successfully | model=efficientnet | mode=strict=True
2026-08-03 16:24:52,847 | INFO | inference.image_detector | Module=Module 1 - AI Generated Image Detection | Prediction=FAKE | Confidence=100.0 | Risk=High | Time=409.9 ms | Model=efficientnet | Dataset=CIFAKE | Report=module1_20260803_162452_400eb88b | Visualization=E:\Intership_project\Unified_AI_Framework\outputs\visualizations\module1_gradcam_test_module1_2026-08-03 16:24:52.png
2026-08-03 16:25:00,299 | INFO | inference.receipt_detector | Module=Module 2 - Receipt Verification | Prediction=Suspicious | Confidence=83.23 | Risk=Medium | Time=5526.99 ms | Model=EasyOCR + Rule-Based Metadata Validator | Dataset=SROIE + CORD | Report=module2_20260803_162500_0e507ad9 | Visualization=None
2026-08-03 16:25:00,600 | INFO | utils.model_loader | module3 loaded successfully | model=efficientnet | mode=strict=True
2026-08-03 16:25:00,787 | INFO | inference.tampering_detector | Module=Module 3 - Image Tampering Detection | Prediction=Tampered | Confidence=90.36 | Risk=High | Time=165.75 ms | Model=efficientnet | Dataset=CASIA v2 + IMD2020 | Report=module3_20260803_162500_72ac0d06 | Visualization=E:\Intership_project\Unified_AI_Framework\outputs\visualizations\module3_gradcam_test_module3_2026-08-03 16:25:00.png
2026-08-03 23:58:18,538 | INFO | utils.model_loader | module1 loaded successfully | model=efficientnet | mode=strict=True
2026-08-03 23:58:20,485 | INFO | inference.image_detector | Module=Module 1 - AI Generated Image Detection | Prediction=FAKE | Confidence=99.93 | Risk=High | Time=1919.52 ms | Model=efficientnet | Dataset=CIFAKE | Report=module1_20260803_235820_8d861d73 | Visualization=E:\Intership_project\Unified_AI_Framework\outputs\visualizations\module1_gradcam_00d84d49-f333-453e-b825-24990263b813_2026-08-03 23:58:20.png
2026-08-03 23:59:26,002 | INFO | utils.model_loader | module1 loaded successfully | model=efficientnet | mode=strict=True
2026-08-03 23:59:26,394 | INFO | inference.image_detector | Module=Module 1 - AI Generated Image Detection | Prediction=FAKE | Confidence=99.39 | Risk=High | Time=356.55 ms | Model=efficientnet | Dataset=CIFAKE | Report=module1_20260803_235926_9ee30c8c | Visualization=E:\Intership_project\Unified_AI_Framework\outputs\visualizations\module1_gradcam_Screenshot_2026-08-03_235031_2026-08-03 23:59:26.png
2026-08-03 23:59:33,182 | INFO | utils.model_loader | module1 loaded successfully | model=efficientnet | mode=strict=True
2026-08-03 23:59:33,651 | INFO | inference.image_detector | Module=Module 1 - AI Generated Image Detection | Prediction=FAKE | Confidence=99.39 | Risk=High | Time=432.76 ms | Model=efficientnet | Dataset=CIFAKE | Report=module1_20260803_235933_916e13c1 | Visualization=E:\Intership_project\Unified_AI_Framework\outputs\visualizations\module1_gradcam_Screenshot_2026-08-03_235031_2026-08-03 23:59:33.png
2026-08-04 00:00:04,057 | INFO | utils.model_loader | module1 loaded successfully | model=efficientnet | mode=strict=True
2026-08-04 00:00:04,363 | INFO | inference.image_detector | Module=Module 1 - AI Generated Image Detection | Prediction=REAL | Confidence=87.17 | Risk=Low | Time=267.24 ms | Model=efficientnet | Dataset=CIFAKE | Report=module1_20260804_000004_5782f9e8 | Visualization=E:\Intership_project\Unified_AI_Framework\outputs\visualizations\module1_gradcam_me__pic_2026-08-04 00:00:04.png
2026-08-04 00:00:31,514 | INFO | utils.model_loader | module1 loaded successfully | model=efficientnet | mode=strict=True
2026-08-04 00:00:31,817 | INFO | inference.image_detector | Module=Module 1 - AI Generated Image Detection | Prediction=REAL | Confidence=97.31 | Risk=Low | Time=271.41 ms | Model=efficientnet | Dataset=CIFAKE | Report=module1_20260804_000031_3decd08a | Visualization=E:\Intership_project\Unified_AI_Framework\outputs\visualizations\module1_gradcam_Shristi_Chandra_2026-08-04 00:00:31.png
2026-08-04 00:26:30,424 | INFO | inference.receipt_detector | Module=Module 2 - Receipt Verification | Prediction=Manipulated | Confidence=51.39 | Risk=High | Time=14339.65 ms | Model=EasyOCR + Rule-Based Metadata Validator | Dataset=SROIE + CORD | Report=module2_20260804_002630_964710c6 | Visualization=None
2026-08-04 00:28:11,901 | INFO | inference.receipt_detector | Module=Module 2 - Receipt Verification | Prediction=Manipulated | Confidence=39.55 | Risk=High | Time=25816.36 ms | Model=EasyOCR + Rule-Based Metadata Validator | Dataset=SROIE + CORD | Report=module2_20260804_002811_081bfcc1 | Visualization=None
2026-08-04 00:29:25,818 | INFO | inference.receipt_detector | Module=Module 2 - Receipt Verification | Prediction=Suspicious | Confidence=80.19 | Risk=Medium | Time=17586.7 ms | Model=EasyOCR + Rule-Based Metadata Validator | Dataset=SROIE + CORD | Report=module2_20260804_002925_8c748d97 | Visualization=None
2026-08-04 00:33:31,385 | INFO | utils.model_loader | module3 loaded successfully | model=efficientnet | mode=strict=True
2026-08-04 00:33:31,685 | INFO | inference.tampering_detector | Module=Module 3 - Image Tampering Detection | Prediction=Tampered | Confidence=75.62 | Risk=High | Time=268.78 ms | Model=efficientnet | Dataset=CASIA v2 + IMD2020 | Report=module3_20260804_003331_40e43f2f | Visualization=E:\Intership_project\Unified_AI_Framework\outputs\visualizations\module3_gradcam_c8ua0at_0_2026-08-04 00:33:31.png
2026-08-05 16:34:33,576 | INFO | utils.model_loader | module1 loaded successfully | model=efficientnet | mode=strict=True
2026-08-05 16:34:34,564 | INFO | inference.image_detector | Module=Module 1 - AI Generated Image Detection | Prediction=FAKE | Confidence=100.0 | Risk=High | Time=976.61 ms | Model=efficientnet | Dataset=CIFAKE | Report=module1_20260805_163434_89efcba0 | Visualization=E:\Intership_project\Unified_AI_Framework\outputs\visualizations\module1_gradcam_test_module1_2026-08-05 16:34:34.png
2026-08-05 16:34:43,417 | INFO | inference.receipt_detector | Module=Module 2 - Receipt Verification | Prediction=Suspicious | Confidence=79.04 | Risk=Medium | Time=6910.37 ms | Model=EasyOCR + Rule-Based Metadata Validator | Dataset=SROIE + CORD | Report=module2_20260805_163443_1eeb913d | Visualization=None
2026-08-05 16:34:43,913 | INFO | utils.model_loader | module3 loaded successfully | model=efficientnet | mode=strict=True
2026-08-05 16:34:44,086 | INFO | inference.tampering_detector | Module=Module 3 - Image Tampering Detection | Prediction=Tampered | Confidence=90.36 | Risk=High | Time=165.24 ms | Model=efficientnet | Dataset=CASIA v2 + IMD2020 | Report=module3_20260805_163444_14293268 | Visualization=E:\Intership_project\Unified_AI_Framework\outputs\visualizations\module3_gradcam_test_module3_2026-08-05 16:34:44.png
2026-08-05 16:58:11,184 | INFO | utils.model_loader | module1 loaded successfully | model=efficientnet | mode=strict=True
2026-08-05 16:58:11,731 | INFO | inference.image_detector | Module=Module 1 - AI Generated Image Detection | Prediction=FAKE | Confidence=100.0 | Risk=High | Time=439.54 ms | Model=efficientnet | Dataset=CIFAKE | Report=module1_20260805_165811_e579eaf6 | Visualization=E:\Intership_project\Unified_AI_Framework\outputs\visualizations\module1_gradcam_test_module1_20260805_165811.png
2026-08-05 16:58:20,209 | INFO | inference.receipt_detector | Module=Module 2 - Receipt Verification | Prediction=Suspicious | Confidence=79.04 | Risk=Medium | Time=6667.03 ms | Model=EasyOCR + Rule-Based Metadata Validator | Dataset=SROIE + CORD | Report=module2_20260805_165820_9b623289 | Visualization=None
2026-08-05 16:58:20,608 | INFO | utils.model_loader | module3 loaded successfully | model=efficientnet | mode=strict=True
2026-08-05 16:58:20,849 | INFO | inference.tampering_detector | Module=Module 3 - Image Tampering Detection | Prediction=Tampered | Confidence=90.36 | Risk=High | Time=164.06 ms | Model=efficientnet | Dataset=CASIA v2 + IMD2020 | Report=module3_20260805_165820_f103b0ed | Visualization=E:\Intership_project\Unified_AI_Framework\outputs\visualizations\module3_tampering_gradcam_test_module3_20260805_165820.png
2026-08-05 17:41:51,568 | INFO | utils.model_loader | module1 loaded successfully | model=efficientnet | mode=strict=True
2026-08-05 17:41:52,090 | INFO | inference.image_detector | Module=Module 1 - AI Generated Image Detection | Prediction=FAKE | Confidence=100.0 | Risk=High | Time=416.38 ms | Model=efficientnet | Dataset=CIFAKE | Report=module1_20260805_174151_fcf225d7 | Visualization=E:\Intership_project\Unified_AI_Framework\outputs\visualizations\module1_gradcam_test_module1_20260805_174151.png
2026-08-05 17:42:00,680 | INFO | inference.receipt_detector | Module=Module 2 - Receipt Verification | Prediction=Suspicious | Confidence=79.04 | Risk=Medium | Time=6759.89 ms | Model=EasyOCR + Rule-Based Metadata Validator | Dataset=SROIE + CORD | Report=module2_20260805_174200_b2da77e0 | Visualization=None
2026-08-05 17:42:00,990 | INFO | utils.model_loader | module3 loaded successfully | model=efficientnet | mode=strict=True
2026-08-05 17:42:01,219 | INFO | inference.tampering_detector | Module=Module 3 - Image Tampering Detection | Prediction=Tampered | Confidence=90.36 | Risk=High | Time=153.26 ms | Model=efficientnet | Dataset=CASIA v2 + IMD2020 | Report=module3_20260805_174201_14a4f92d | Visualization=E:\Intership_project\Unified_AI_Framework\outputs\visualizations\module3_tampering_gradcam_test_module3_20260805_174201.png
2026-08-05 17:53:32,212 | INFO | utils.model_loader | module1 loaded successfully | model=efficientnet | mode=strict=True
2026-08-05 17:53:32,680 | INFO | inference.image_detector | Module=Module 1 - AI Generated Image Detection | Prediction=FAKE | Confidence=100.0 | Risk=High | Time=397.55 ms | Model=efficientnet | Dataset=CIFAKE | Report=module1_20260805_175332_d927fc2a | Visualization=E:\Intership_project\Unified_AI_Framework\outputs\visualizations\module1_gradcam_test_module1_20260805_175332.png
2026-08-05 17:53:46,334 | INFO | inference.receipt_detector | Module=Module 2 - Receipt Verification | Prediction=Suspicious | Confidence=81.33 | Risk=Medium | Time=11836.14 ms | Model=EasyOCR + Rule-Based Metadata Validator | Dataset=SROIE + CORD | Report=module2_20260805_175346_4631781b | Visualization=None
2026-08-05 17:53:46,617 | INFO | utils.model_loader | module3 loaded successfully | model=efficientnet | mode=strict=True
2026-08-05 17:53:46,834 | INFO | inference.tampering_detector | Module=Module 3 - Image Tampering Detection | Prediction=Tampered | Confidence=90.36 | Risk=High | Time=148.82 ms | Model=efficientnet | Dataset=CASIA v2 + IMD2020 | Report=module3_20260805_175346_288a7cd3 | Visualization=E:\Intership_project\Unified_AI_Framework\outputs\visualizations\module3_tampering_gradcam_test_module3_20260805_175346.png
2026-08-05 21:55:34,113 | INFO | utils.model_loader | module1 loaded successfully | model=efficientnet | mode=strict=True
2026-08-05 21:55:35,145 | INFO | inference.image_detector | Module=Module 1 - AI Generated Image Detection | Prediction=FAKE | Confidence=100.0 | Risk=High | Time=None ms | Model=None | Dataset=None | Report=module1_20260805_215535_888abe88 | Visualization=E:\Intership_project\Unified_AI_Framework\outputs\visualizations\module1_gradcam_test_module1_20260805_215535.png
2026-08-05 21:55:49,369 | ERROR | inference.receipt_detector | Module 2 receipt verification failed
Traceback (most recent call last):
  File "E:\Intership_project\Unified_AI_Framework\inference\receipt_detector.py", line 82, in verify
    report["model"]["name"] = MODEL_NAME
    ~~~~~~^^^^^^^^^
KeyError: 'model'
2026-08-05 21:55:49,709 | INFO | utils.model_loader | module3 loaded successfully | model=efficientnet | mode=strict=True
2026-08-05 21:55:49,942 | INFO | inference.tampering_detector | Module=Module 3 - Image Tampering Detection | Prediction=Tampered | Confidence=90.36 | Risk=High | Time=None ms | Model=None | Dataset=None | Report=module3_20260805_215549_280bcbfd | Visualization=E:\Intership_project\Unified_AI_Framework\outputs\visualizations\module3_tampering_gradcam_test_module3_20260805_215549.png
2026-08-05 22:05:07,702 | INFO | utils.model_loader | module1 loaded successfully | model=efficientnet | mode=strict=True
2026-08-05 22:05:08,198 | INFO | inference.image_detector | Module=Module 1 - AI Generated Image Detection | Prediction=FAKE | Confidence=100.0 | Risk=High | Time=None ms | Model=None | Dataset=None | Report=module1_20260805_220508_0d97e965 | Visualization=E:\Intership_project\Unified_AI_Framework\outputs\visualizations\module1_gradcam_test_module1_20260805_220508.png
2026-08-05 22:05:21,802 | ERROR | inference.receipt_detector | Module 2 receipt verification failed
Traceback (most recent call last):
  File "E:\Intership_project\Unified_AI_Framework\inference\receipt_detector.py", line 82, in verify
    report["model"]["name"] = MODEL_NAME
    ~~~~~~^^^^^^^^^
KeyError: 'model'
2026-08-05 22:05:22,125 | INFO | utils.model_loader | module3 loaded successfully | model=efficientnet | mode=strict=True
2026-08-05 22:05:22,362 | INFO | inference.tampering_detector | Module=Module 3 - Image Tampering Detection | Prediction=Tampered | Confidence=90.36 | Risk=High | Time=None ms | Model=None | Dataset=None | Report=module3_20260805_220522_274eab28 | Visualization=E:\Intership_project\Unified_AI_Framework\outputs\visualizations\module3_tampering_gradcam_test_module3_20260805_220522.png
2026-08-05 22:27:01,594 | INFO | utils.model_loader | module1 loaded successfully | model=efficientnet | mode=strict=True
2026-08-05 22:27:02,083 | INFO | inference.image_detector | Module=Module 1 - AI Generated Image Detection | Prediction=FAKE | Confidence=100.0 | Risk=High | Time=None ms | Model=efficientnet | Dataset=CIFAKE | Report=module1_20260805_222702_7fb10efb | Visualization=E:\Intership_project\Unified_AI_Framework\outputs\visualizations\module1_gradcam_test_module1_20260805_222702.png
2026-08-05 22:27:15,464 | ERROR | inference.receipt_detector | Module 2 receipt verification failed
Traceback (most recent call last):
  File "E:\Intership_project\Unified_AI_Framework\inference\receipt_detector.py", line 82, in verify
    report["model"]["name"] = MODEL_NAME
    ~~~~~~^^^^^^^^^
KeyError: 'model'
2026-08-05 22:27:15,841 | INFO | utils.model_loader | module3 loaded successfully | model=efficientnet | mode=strict=True
2026-08-05 22:27:16,063 | INFO | inference.tampering_detector | Module=Module 3 - Image Tampering Detection | Prediction=Tampered | Confidence=90.36 | Risk=High | Time=None ms | Model=efficientnet | Dataset=CASIA v2 + IMD2020 | Report=module3_20260805_222715_cf3b6095 | Visualization=E:\Intership_project\Unified_AI_Framework\outputs\visualizations\module3_tampering_gradcam_test_module3_20260805_222715.png
2026-08-05 23:06:34,468 | INFO | utils.model_loader | module1 loaded successfully | model=efficientnet | mode=strict=True
2026-08-05 23:06:34,797 | INFO | inference.image_detector | Module=Module 1 - AI Generated Image Detection | Prediction=FAKE | Confidence=100.0 | Risk=High | Time=None ms | Model=efficientnet | Dataset=CIFAKE | Report=module1_20260805_230634_727239d8 | Visualization=E:\Intership_project\Unified_AI_Framework\outputs\visualizations\module1_gradcam_test_module1_20260805_230634.png
2026-08-05 23:06:44,835 | INFO | inference.receipt_detector | Module=Module 2 - Receipt Verification | Prediction=Suspicious | Confidence=81.33 | Risk=Medium | Time=8903.53 ms | Model=None | Dataset=None | Report=module2_20260805_230644_05080930 | Visualization=None
2026-08-05 23:06:45,056 | INFO | utils.model_loader | module3 loaded successfully | model=efficientnet | mode=strict=True
2026-08-05 23:06:45,247 | INFO | inference.tampering_detector | Module=Module 3 - Image Tampering Detection | Prediction=Tampered | Confidence=90.36 | Risk=High | Time=None ms | Model=efficientnet | Dataset=CASIA v2 + IMD2020 | Report=module3_20260805_230645_27293125 | Visualization=E:\Intership_project\Unified_AI_Framework\outputs\visualizations\module3_tampering_gradcam_test_module3_20260805_230645.png
2026-08-05 23:12:51,375 | INFO | utils.model_loader | module1 loaded successfully | model=efficientnet | mode=strict=True
2026-08-05 23:12:51,835 | INFO | inference.image_detector | Module=Module 1 - AI Generated Image Detection | Model=efficientnet | Dataset=CIFAKE | Prediction=FAKE | Confidence=100.0 | Risk=High | Time=407.98 ms | Visualization=E:\Intership_project\Unified_AI_Framework\outputs\visualizations\module1_gradcam_test_module1_20260805_231251.png | ReportID=module1_20260805_231251_2076800c | JSON=E:\Intership_project\Unified_AI_Framework\outputs\reports\module1_20260805_231251_2076800c.json | PDF=E:\Intership_project\Unified_AI_Framework\outputs\reports\module1_20260805_231251_2076800c.pdf
2026-08-05 23:13:05,192 | INFO | inference.receipt_detector | Module=Module 2 - Receipt Verification | Engine=EasyOCR | Validation=Metadata Rules | ReceiptStatus=Suspicious | IntegrityScore=81.33 | Risk=Medium | Status=WARNING | Time=11619.75 ms | ReportID=module2_20260805_231305_45f6eb0c | JSON=E:\Intership_project\Unified_AI_Framework\outputs\reports\module2_20260805_231305_45f6eb0c.json | PDF=E:\Intership_project\Unified_AI_Framework\outputs\reports\module2_20260805_231305_45f6eb0c.pdf
2026-08-05 23:13:05,513 | INFO | utils.model_loader | module3 loaded successfully | model=efficientnet | mode=strict=True
2026-08-05 23:13:05,755 | INFO | inference.tampering_detector | Module=Module 3 - Image Tampering Detection | Model=efficientnet | Dataset=CASIA v2 + IMD2020 | Prediction=Tampered | Confidence=90.36 | Risk=High | Time=153.22 ms | Visualization=E:\Intership_project\Unified_AI_Framework\outputs\visualizations\module3_tampering_gradcam_test_module3_20260805_231305.png | ReportID=module3_20260805_231305_96400478 | JSON=E:\Intership_project\Unified_AI_Framework\outputs\reports\module3_20260805_231305_96400478.json | PDF=E:\Intership_project\Unified_AI_Framework\outputs\reports\module3_20260805_231305_96400478.pdf
2026-08-05 23:53:56,027 | INFO | utils.model_loader | module1 loaded successfully | model=efficientnet | mode=strict=True
2026-08-05 23:53:56,974 | INFO | inference.image_detector | Module=Module 1 - AI Generated Image Detection | Model=efficientnet | Dataset=CIFAKE | Prediction=FAKE | Confidence=100.0 | Risk=High | Time=823.66 ms | Visualization=E:\Intership_project\Unified_AI_Framework\outputs\visualizations\module1_gradcam_test_module1_20260805_235356.png | ReportID=module1_20260805_235356_3d2d4f81 | JSON=E:\Intership_project\Unified_AI_Framework\outputs\reports\module1_20260805_235356_3d2d4f81.json | PDF=E:\Intership_project\Unified_AI_Framework\outputs\reports\module1_20260805_235356_3d2d4f81.pdf
2026-08-05 23:54:10,574 | INFO | inference.receipt_detector | Module=Module 2 - Receipt Verification | Engine=EasyOCR | Validation=Metadata Rules | ReceiptStatus=Suspicious | IntegrityScore=81.33 | Risk=Medium | Status=WARNING | Time=11795.98 ms | ReportID=module2_20260805_235410_e4880a3b | JSON=E:\Intership_project\Unified_AI_Framework\outputs\reports\module2_20260805_235410_e4880a3b.json | PDF=E:\Intership_project\Unified_AI_Framework\outputs\reports\module2_20260805_235410_e4880a3b.pdf
2026-08-05 23:54:10,879 | INFO | utils.model_loader | module3 loaded successfully | model=efficientnet | mode=strict=True
2026-08-05 23:54:11,084 | INFO | inference.tampering_detector | Module=Module 3 - Image Tampering Detection | Model=efficientnet | Dataset=CASIA v2 + IMD2020 | Prediction=Tampered | Confidence=90.36 | Risk=High | Time=152.4 ms | Visualization=E:\Intership_project\Unified_AI_Framework\outputs\visualizations\module3_tampering_gradcam_test_module3_20260805_235411.png | ReportID=module3_20260805_235411_87ce7d0a | JSON=E:\Intership_project\Unified_AI_Framework\outputs\reports\module3_20260805_235411_87ce7d0a.json | PDF=E:\Intership_project\Unified_AI_Framework\outputs\reports\module3_20260805_235411_87ce7d0a.pdf
2026-08-06 17:14:52,322 | INFO | utils.model_loader | module1 loaded successfully | model=efficientnet | mode=strict=True
2026-08-06 17:14:54,634 | INFO | inference.image_detector | Module=Module 1 - AI Generated Image Detection | Model=efficientnet | Dataset=CIFAKE | Prediction=REAL | Confidence=87.17 | Risk=Low | Time=2209.09 ms | Visualization=E:\Intership_project\Unified_AI_Framework\outputs\visualizations\module1_gradcam_me__pic_97eaac37_20260806_171454.png | ReportID=module1_20260806_171454_c7b124c3 | JSON=E:\Intership_project\Unified_AI_Framework\outputs\reports\module1_20260806_171454_c7b124c3.json | PDF=E:\Intership_project\Unified_AI_Framework\outputs\reports\module1_20260806_171454_c7b124c3.pdf
2026-08-06 17:15:58,360 | INFO | utils.model_loader | module1 loaded successfully | model=efficientnet | mode=strict=True
2026-08-06 17:15:58,884 | INFO | inference.image_detector | Module=Module 1 - AI Generated Image Detection | Model=efficientnet | Dataset=CIFAKE | Prediction=FAKE | Confidence=100.0 | Risk=High | Time=365.1 ms | Visualization=E:\Intership_project\Unified_AI_Framework\outputs\visualizations\module1_gradcam_WhatsApp_Image_2026-08-06_at_13.27.22_4141d9a0_20260806_171558.png | ReportID=module1_20260806_171558_0fd275d3 | JSON=E:\Intership_project\Unified_AI_Framework\outputs\reports\module1_20260806_171558_0fd275d3.json | PDF=E:\Intership_project\Unified_AI_Framework\outputs\reports\module1_20260806_171558_0fd275d3.pdf
2026-08-06 17:17:27,778 | INFO | utils.model_loader | module1 loaded successfully | model=efficientnet | mode=strict=True
2026-08-06 17:17:28,246 | INFO | inference.image_detector | Module=Module 1 - AI Generated Image Detection | Model=efficientnet | Dataset=CIFAKE | Prediction=FAKE | Confidence=98.46 | Risk=High | Time=301.22 ms | Visualization=E:\Intership_project\Unified_AI_Framework\outputs\visualizations\module1_gradcam_WhatsApp_Image_2026-08-05_at_09.45.43_44369220_20260806_171728.png | ReportID=module1_20260806_171728_1962572e | JSON=E:\Intership_project\Unified_AI_Framework\outputs\reports\module1_20260806_171728_1962572e.json | PDF=E:\Intership_project\Unified_AI_Framework\outputs\reports\module1_20260806_171728_1962572e.pdf
2026-08-06 17:18:02,746 | INFO | utils.model_loader | module1 loaded successfully | model=efficientnet | mode=strict=True
2026-08-06 17:18:03,231 | INFO | inference.image_detector | Module=Module 1 - AI Generated Image Detection | Model=efficientnet | Dataset=CIFAKE | Prediction=REAL | Confidence=100.0 | Risk=Low | Time=343.87 ms | Visualization=E:\Intership_project\Unified_AI_Framework\outputs\visualizations\module1_gradcam_0000_(3)_ef32a72a_20260806_171803.png | ReportID=module1_20260806_171803_79a10cf4 | JSON=E:\Intership_project\Unified_AI_Framework\outputs\reports\module1_20260806_171803_79a10cf4.json | PDF=E:\Intership_project\Unified_AI_Framework\outputs\reports\module1_20260806_171803_79a10cf4.pdf
2026-08-06 17:18:24,005 | INFO | utils.model_loader | module1 loaded successfully | model=efficientnet | mode=strict=True
2026-08-06 17:18:24,562 | INFO | inference.image_detector | Module=Module 1 - AI Generated Image Detection | Model=efficientnet | Dataset=CIFAKE | Prediction=REAL | Confidence=100.0 | Risk=Low | Time=402.22 ms | Visualization=E:\Intership_project\Unified_AI_Framework\outputs\visualizations\module1_gradcam_0002_(10)_077e573f_20260806_171824.png | ReportID=module1_20260806_171824_c28ddc9e | JSON=E:\Intership_project\Unified_AI_Framework\outputs\reports\module1_20260806_171824_c28ddc9e.json | PDF=E:\Intership_project\Unified_AI_Framework\outputs\reports\module1_20260806_171824_c28ddc9e.pdf
2026-08-06 17:18:45,205 | INFO | utils.model_loader | module1 loaded successfully | model=efficientnet | mode=strict=True
2026-08-06 17:18:45,647 | INFO | inference.image_detector | Module=Module 1 - AI Generated Image Detection | Model=efficientnet | Dataset=CIFAKE | Prediction=FAKE | Confidence=100.0 | Risk=High | Time=321.85 ms | Visualization=E:\Intership_project\Unified_AI_Framework\outputs\visualizations\module1_gradcam_2_(4)_afd17ed4_20260806_171845.png | ReportID=module1_20260806_171845_334d3574 | JSON=E:\Intership_project\Unified_AI_Framework\outputs\reports\module1_20260806_171845_334d3574.json | PDF=E:\Intership_project\Unified_AI_Framework\outputs\reports\module1_20260806_171845_334d3574.pdf
2026-08-06 17:46:29,706 | INFO | inference.receipt_detector | Module=Module 2 - Receipt Verification | Engine=EasyOCR | Validation=Metadata Rules | ReceiptStatus=Suspicious | IntegrityScore=83.33 | Risk=Medium | Status=PASS | Time=47383.75 ms | ReportID=module2_20260806_174629_1742ac49 | JSON=E:\Intership_project\Unified_AI_Framework\outputs\reports\module2_20260806_174629_1742ac49.json | PDF=E:\Intership_project\Unified_AI_Framework\outputs\reports\module2_20260806_174629_1742ac49.pdf
2026-08-06 22:06:35,397 | INFO | utils.model_loader | module1 loaded successfully | model=efficientnet | mode=strict=True
2026-08-06 22:06:37,934 | INFO | inference.image_detector | Module=Module 1 - AI Generated Image Detection | Model=efficientnet | Dataset=CIFAKE | Prediction=FAKE | Confidence=100.0 | Risk=High | Time=2391.13 ms | Visualization=E:\Intership_project\Unified_AI_Framework\outputs\visualizations\module1_gradcam_0_(2)_c901ccfe_20260806_220637.png | ReportID=module1_20260806_220637_557224dd | JSON=E:\Intership_project\Unified_AI_Framework\outputs\reports\module1_20260806_220637_557224dd.json | PDF=E:\Intership_project\Unified_AI_Framework\outputs\reports\module1_20260806_220637_557224dd.pdf
2026-08-06 22:07:23,094 | INFO | utils.model_loader | module1 loaded successfully | model=efficientnet | mode=strict=True
2026-08-06 22:07:23,564 | INFO | inference.image_detector | Module=Module 1 - AI Generated Image Detection | Model=efficientnet | Dataset=CIFAKE | Prediction=REAL | Confidence=100.0 | Risk=Low | Time=329.81 ms | Visualization=E:\Intership_project\Unified_AI_Framework\outputs\visualizations\module1_gradcam_0000_ea3bb354_20260806_220723.png | ReportID=module1_20260806_220723_70b3cada | JSON=E:\Intership_project\Unified_AI_Framework\outputs\reports\module1_20260806_220723_70b3cada.json | PDF=E:\Intership_project\Unified_AI_Framework\outputs\reports\module1_20260806_220723_70b3cada.pdf
2026-08-06 22:08:45,288 | INFO | inference.receipt_detector | Module=Module 2 - Receipt Verification | Engine=EasyOCR | Validation=Metadata Rules | ReceiptStatus=Suspicious | IntegrityScore=76.9 | Risk=Medium | Status=WARNING | Time=50760.39 ms | ReportID=module2_20260806_220845_b7b44882 | JSON=E:\Intership_project\Unified_AI_Framework\outputs\reports\module2_20260806_220845_b7b44882.json | PDF=E:\Intership_project\Unified_AI_Framework\outputs\reports\module2_20260806_220845_b7b44882.pdf
2026-08-07 00:50:15,263 | INFO | utils.model_loader | module1 loaded successfully | model=efficientnet | mode=strict=True
2026-08-07 00:50:17,076 | INFO | inference.image_detector | Module=Module 1 - AI Generated Image Detection | Model=efficientnet | Dataset=CIFAKE | Prediction=FAKE | Confidence=100.0 | Risk=High | Time=1638.23 ms | Visualization=E:\Intership_project\Unified_AI_Framework\outputs\visualizations\module1_gradcam_4_(4)_a6c739c5_20260807_005016.png | ReportID=module1_20260807_005016_dc2290e9 | JSON=E:\Intership_project\Unified_AI_Framework\outputs\reports\module1_20260807_005016_dc2290e9.json | PDF=E:\Intership_project\Unified_AI_Framework\outputs\reports\module1_20260807_005016_dc2290e9.pdf
2026-08-10 21:42:37,748 | INFO | utils.model_loader | module1 loaded successfully | model=efficientnet | mode=strict=True
2026-08-10 21:42:40,414 | INFO | inference.image_detector | Module=Module 1 - AI Generated Image Detection | Model=efficientnet | Dataset=CIFAKE | Prediction=FAKE | Confidence=100.0 | Risk=High | Time=2478.61 ms | Visualization=E:\Intership_project\Unified_AI_Framework\outputs\visualizations\module1_gradcam_0_(4)_1eb6c35e_20260810_214240.png | ReportID=module1_20260810_214240_4d5a2724 | JSON=E:\Intership_project\Unified_AI_Framework\outputs\reports\module1_20260810_214240_4d5a2724.json | PDF=E:\Intership_project\Unified_AI_Framework\outputs\reports\module1_20260810_214240_4d5a2724.pdf
